[hgmedia.com.vn/sitemap_index.xml]
[backblue.gif]
[fade.gif]
[index.html]
[hgmedia.com.vn/index.html]
[hgmedia.com.vn/en/index.html]
[hgmedia.com.vn/en/wp-json/wp/v2/pages/9]
[hgmedia.com.vn/en/index.html]
[hgmedia.com.vn/en/wp-json/oembed/1.0/embedaec0.json]
[hgmedia.com.vn/en/wp-json/oembed/1.0/embeddab7]
[hgmedia.com.vn/wp-content/themes/flatsome/assets/js/chunk.countup.fe2c1016.js]
[hgmedia.com.vn/wp-content/themes/flatsome/assets/js/chunk.sticky-sidebar.a58a6557.js]
[hgmedia.com.vn/wp-content/themes/flatsome/assets/js/chunk.tooltips.29144c1c.js]
[hgmedia.com.vn/wp-content/themes/flatsome/assets/js/chunk.vendors-popups.947eca5c.js]
[hgmedia.com.vn/wp-content/themes/flatsome/assets/js/chunk.vendors-slider.f0d2cbc9.js]
[hgmedia.com.vn/wp-content/plugins/contact-form-7/includes/css/styles41a3.css]
[hgmedia.com.vn/wp-content/themes/flatsome/assets/css/icons/fl-icons8cc2.eot]
[hgmedia.com.vn/wp-content/themes/flatsome/assets/css/icons/fl-icons.eot]
[hgmedia.com.vn/wp-content/themes/flatsome/assets/css/icons/fl-icons8cc2.woff2]
[hgmedia.com.vn/wp-content/plugins/translatepress-multilingual/assets/images/arrow-down-3101.svg]
[hgmedia.com.vn/wp-content/plugins/translatepress-multilingual/assets/css/trp-language-switcher337d.css]
[hgmedia.com.vn/wp-content/themes/flatsome/assets/css/icons/fl-icons8cc2.woff]
[hgmedia.com.vn/wp-content/themes/flatsome/assets/css/icons/fl-icons8cc2.ttf]
[hgmedia.com.vn/wp-content/themes/flatsome/assets/img/shadow@2x.png]
[hgmedia.com.vn/wp-content/themes/flatsome/assets/img/underline.png]
[hgmedia.com.vn/wp-content/themes/flatsome/assets/css/flatsome2855.css]
[hgmedia.com.vn/wp-content/themes/flatsome/assets/css/icons/fl-icons8cc2.svg]
[hgmedia.com.vn/wp-content/themes/flatsome-child/style6aec.css]
[hgmedia.com.vn/vi/index.html]
[hgmedia.com.vn/en/wp-json/index.html]
[hgmedia.com.vn/wp-includes/js/jquery/jquery.minf43b.js]
[hgmedia.com.vn/wp-content/uploads/2022/05/hg-favicon-1.png]
[hgmedia.com.vn/wp-includes/fonts/dashicons7d4b.eot]
[hgmedia.com.vn/wp-includes/fonts/dashicons7d4b.ttf]
[hgmedia.com.vn/wp-includes/css/dashicons.minb34e.css]
[hgmedia.com.vn/en/ve-chung-toi/index.html]
[hgmedia.com.vn/en/wp-json/wp/v2/pages/9.json]
[hgmedia.com.vn/en/du-an/index.html]
[hgmedia.com.vn/en/chuyen-muc/blog/index.html]
[hgmedia.com.vn/wp-content/plugins/translatepress-multilingual/assets/images/flags/vi.png]
[hgmedia.com.vn/en/danh-muc-tuyen-dung/tat-ca-cac-phong/index.html]
[hgmedia.com.vn/vi/wp-json/oembed/1.0/embed73d3.json]
[hgmedia.com.vn/vi/wp-json/oembed/1.0/embedc870]
[hgmedia.com.vn/vi/wp-json/wp/v2/pages/9]
[hgmedia.com.vn/wp-content/uploads/2022/05/tiktok.png]
[hgmedia.com.vn/wp-content/plugins/translatepress-multilingual/assets/images/flags/en_US.png]
[hgmedia.com.vn/vi/index.html]
[hgmedia.com.vn/wp-content/uploads/2022/05/Logo-HG.svg]
[hgmedia.com.vn/en/wp-json/oembed/1.0/embed5f74.json]
[hgmedia.com.vn/wp-content/uploads/2022/05/youtube-music.jpg]
[hgmedia.com.vn/en/wp-json/oembed/1.0/embeddd48]
[hgmedia.com.vn/en/he-thong-youtube-channel-ve-am-nhac/index.html]
[hgmedia.com.vn/en/wp-json/wp/v2/pages/1972]
[hgmedia.com.vn/wp-content/uploads/2022/05/Vision.svg]
[hgmedia.com.vn/wp-content/uploads/2022/05/youtube-giai-tri.jpg]
[hgmedia.com.vn/en/he-thong-youtube-channel-ve-giai-tri/index.html]
[hgmedia.com.vn/wp-content/uploads/2022/05/Mission.svg]
[hgmedia.com.vn/wp-content/uploads/2022/05/our-team-title.svg]
[hgmedia.com.vn/wp-content/uploads/2022/05/Artboard-1.png]
[hgmedia.com.vn/en/ve-chung-toi/index.html]
[hgmedia.com.vn/en/helios-records/index.html]
[hgmedia.com.vn/wp-content/uploads/2022/05/deep-4.jpg]
[hgmedia.com.vn/wp-content/uploads/2022/05/deep-universe-new.jpg]
[hgmedia.com.vn/en/deep-universe/index.html]
[hgmedia.com.vn/en/wp-json/oembed/1.0/embed69c4.json]
[hgmedia.com.vn/wp-content/uploads/2022/05/Routenote.png]
[hgmedia.com.vn/wp-content/uploads/2022/05/Magic-1.png]
[hgmedia.com.vn/en/wp-json/oembed/1.0/embede763]
[hgmedia.com.vn/wp-content/uploads/2022/05/Deepdisco.png]
[hgmedia.com.vn/wp-content/uploads/2022/05/Warner_Music_Group.png]
[hgmedia.com.vn/en/wp-json/wp/v2/pages/2118]
[hgmedia.com.vn/wp-content/uploads/2022/05/ACHIEVEMENTS-title.svg]
[hgmedia.com.vn/wp-content/uploads/2022/07/Tubrr-logo-final-01-1.png]
[hgmedia.com.vn/wp-content/uploads/2022/05/02.svg]
[hgmedia.com.vn/wp-content/uploads/2022/05/03-new.svg]
[hgmedia.com.vn/wp-content/uploads/2022/05/channels-title.svg]
[hgmedia.com.vn/wp-content/uploads/2022/05/channels-1-1.jpg]
[hgmedia.com.vn/wp-content/uploads/2022/07/LOGO-01.png]
[hgmedia.com.vn/wp-content/uploads/2022/06/Screenshot_23.png]
[hgmedia.com.vn/wp-content/uploads/2022/06/Screenshot_2.png]
[hgmedia.com.vn/en/du-an/index.html]
[hgmedia.com.vn/wp-content/uploads/2022/05/MCV-NETWORK-3D-copy-1.png]
[hgmedia.com.vn/wp-content/uploads/2022/05/Vieon-1.png]
[hgmedia.com.vn/en/wp-json/wp/v2/categories/1]
[hgmedia.com.vn/wp-content/uploads/2022/05/blog-title-new1.svg]
[hgmedia.com.vn/wp-content/uploads/2023/11/Logo-HG-ngang-1.png]
[hgmedia.com.vn/wp-content/uploads/2022/08/how-to-promote-your-youtube-videos-and-grow-your-channel-for-free-1.jpg]
[hgmedia.com.vn/wp-content/uploads/2022/06/youtuber-la-gi.jpg]
[hgmedia.com.vn/wp-content/uploads/2022/06/du-ng-youtube-lau-nam-nhung-nhie-u-nguo-i-chua-bie-t-nhu-ng-die-u-na-y.jpg]
[hgmedia.com.vn/en/chuyen-muc/blog/index.html]
[hgmedia.com.vn/en/wp-json/wp/v2/danh_muc_tuyen_dung/7]
[hgmedia.com.vn/wp-content/uploads/2022/05/career-title.svg]
[hgmedia.com.vn/wp-content/plugins/translatepress-multilingual/assets/js/trp-translate-dom-changes337d.js]
[hgmedia.com.vn/wp-content/uploads/2026/03/HG_ENTERTAINMENT_LOGO_01.png]
[hgmedia.com.vn/wp-content/uploads/2026/03/Ban-sao-cua-Antue-2.png]
[hgmedia.com.vn/en/danh-muc-tuyen-dung/tat-ca-cac-phong/index.html]
[hgmedia.com.vn/wp-content/uploads/2022/05/creativity-title.svg]
[hgmedia.com.vn/wp-content/uploads/2022/05/creativity-banner.svg]
[hgmedia.com.vn/wp-content/plugins/contact-form-7/includes/swv/js/index41a3.js]
[hgmedia.com.vn/wp-content/plugins/contact-form-7/includes/js/index41a3.js]
[hgmedia.com.vn/wp-content/uploads/2022/05/about-title.svg]
[hgmedia.com.vn/wp-content/themes/flatsome/inc/extensions/flatsome-instant-page/flatsome-instant-page1576.js]
[hgmedia.com.vn/wp-content/themes/flatsome/inc/extensions/flatsome-live-search/flatsome-live-search2855.js]
[hgmedia.com.vn/wp-content/uploads/2022/05/About-banner.svg]
[hgmedia.com.vn/wp-includes/js/dist/vendor/wp-polyfill.min2c7c.js]
[hgmedia.com.vn/wp-includes/js/hoverIntent.min3e5a.js]
[hgmedia.com.vn/wp-content/uploads/2022/05/service-title.svg]
[hgmedia.com.vn/vi/feed/index.html]
[hgmedia.com.vn/wp-content/themes/flatsome/assets/js/flatsome334f.js]
[hgmedia.com.vn/wp-content/uploads/2022/05/01.svg]
[hgmedia.com.vn/wp-content/themes/flatsome-child/assets/js/custom5152.js]
[hgmedia.com.vn/vi/ve-chung-toi/index.html]
[hgmedia.com.vn/wp-content/uploads/2022/05/02-1.svg]
[hgmedia.com.vn/vi/wp-json/index.html]
[hgmedia.com.vn/vi/du-an/index.html]
[hgmedia.com.vn/wp-content/uploads/2022/05/service-banner-1.svg]
[hgmedia.com.vn/vi/chuyen-muc/blog/index.html]
[hgmedia.com.vn/vi/he-thong-youtube-channel-ve-am-nhac/index.html]
[hgmedia.com.vn/wp-content/uploads/2022/05/project-title.svg]
[hgmedia.com.vn/vi/danh-muc-tuyen-dung/tat-ca-cac-phong/index.html]
[hgmedia.com.vn/vi/helios-records/index.html]
[hgmedia.com.vn/vi/he-thong-youtube-channel-ve-giai-tri/index.html]
[hgmedia.com.vn/vi/comments/feed/index.html]
[hgmedia.com.vn/vi/deep-universe/index.html]
[hgmedia.com.vn/en/wp-json/oembed/1.0/embed4782.json]
[hgmedia.com.vn/en/chuyen-muc/blog/feed/index.html]
[hgmedia.com.vn/en/wp-json/oembed/1.0/embedede9]
[hgmedia.com.vn/en/chuyen-muc/du-an/index.html]
[hgmedia.com.vn/en/chuyen-muc/blog/youtube/index.html]
[hgmedia.com.vn/en/chuyen-muc/blog/seo-youtube/index.html]
[hgmedia.com.vn/en/wp-json/wp/v2/posts/1835]
[hgmedia.com.vn/en/he-thong-youtube-channel-ve-am-nhac/index.html]
[hgmedia.com.vn/en/chuyen-muc/blog/content-creator/index.html]
[hgmedia.com.vn/en/van-hanh-label/index.html]
[hgmedia.com.vn/en/seo-youtube-la-gi-cac-chien-luoc-seo-hieu-qua-nhat-hien-nay/index.html]
[hgmedia.com.vn/en/nghe-youtuber-xu-huong-kiem-tien-cua-gioi-tre/index.html]
[hgmedia.com.vn/en/wp-json/oembed/1.0/embedfb94.json]
[hgmedia.com.vn/en/tong-hop-a-z-cach-sang-tao-noi-dung-tren-youtube-de-co-thu-nhap-khung/index.html]
[hgmedia.com.vn/en/wp-json/oembed/1.0/embed14bd]
[hgmedia.com.vn/en/danh-muc-tuyen-dung/tat-ca-cac-phong/feed/index.html]
[hgmedia.com.vn/en/danh-muc-tuyen-dung/phong-tuyen-dung/phong-marketing/index.html]
[hgmedia.com.vn/en/wp-json/wp/v2/posts/1830]
[hgmedia.com.vn/en/he-thong-youtube-channel-ve-giai-tri/index.html]
[hgmedia.com.vn/en/danh-muc-tuyen-dung/phong-tuyen-dung/phong-doi-ngoai/index.html]
[hgmedia.com.vn/en/wp-json/oembed/1.0/embed78f9.json]
[hgmedia.com.vn/en/danh-muc-tuyen-dung/phong-tuyen-dung/phong-nhan-su/index.html]
[hgmedia.com.vn/en/danh-muc-tuyen-dung/phong-tuyen-dung/phong-ban-khac/index.html]
[hgmedia.com.vn/en/tuyen-dung/video-editor-ai-native/index.html]
[hgmedia.com.vn/en/wp-json/oembed/1.0/embede5b5]
[hgmedia.com.vn/en/tuyen-dung/9567-2/index.html]
[hgmedia.com.vn/en/wp-json/wp/v2/posts/1833]
[hgmedia.com.vn/en/helios-records/index.html]
[hgmedia.com.vn/en/tuyen-dung/tro-ly-giam-doc/index.html]
[hgmedia.com.vn/en/tuyen-dung/quan-ly-san-xuat-nhac-2/index.html]
[hgmedia.com.vn/en/tuyen-dung/thuc-tap-sinh-nhan-su/index.html]
[hgmedia.com.vn/en/tuyen-dung/tro-ly-du-an-phat-trien-label-nhac/index.html]
[hgmedia.com.vn/en/wp-json/oembed/1.0/embed862d.json]
[hgmedia.com.vn/en/tuyen-dung/video-editor-su-dung-ae/index.html]
[hgmedia.com.vn/en/tuyen-dung/social-marketing-executive-2/index.html]
[hgmedia.com.vn/en/wp-json/oembed/1.0/embed52f1]
[hgmedia.com.vn/en/tuyen-dung/9403-2/index.html]
[hgmedia.com.vn/en/wp-json/wp/v2/posts/1810]
[hgmedia.com.vn/en/deep-universe/index.html]
[hgmedia.com.vn/en/tuyen-dung/van-hanh-label-3/index.html]
[hgmedia.com.vn/wp-content/uploads/2022/05/partner-title.svg]
[hgmedia.com.vn/en/danh-muc-tuyen-dung/tat-ca-cac-phong/page/2/index.html]
[hgmedia.com.vn/en/danh-muc-tuyen-dung/tat-ca-cac-phong/page/3/index.html]
[hgmedia.com.vn/wp-content/uploads/2022/05/Logo-HG-light.svg]
[hgmedia.com.vn/en/author/admin/index.html]
[hgmedia.com.vn/wp-content/uploads/2022/05/Facebook-icon-social.svg]
[hgmedia.com.vn/en/he-thong-youtube-channel-ve-am-nhac/feed/index.html]
[hgmedia.com.vn/en/he-thong-youtube-channel-ve-giai-tri/feed/index.html]
[hgmedia.com.vn/wp-content/uploads/2022/05/instagram-icon-social.svg]
[hgmedia.com.vn/en/helios-records/feed/index.html]
[hgmedia.com.vn/wp-content/uploads/2022/05/youtube-icon-social.svg]
[hgmedia.com.vn/wp-content/plugins/translatepress-multilingual/assets/images/arrow-down-3101.svg]
[hgmedia.com.vn/vi/wp-json/wp/v2/pages/9.json]
[hgmedia.com.vn/en/deep-universe/feed/index.html]
[hgmedia.com.vn/vi/wp-json/oembed/1.0/embedd214.json]
[hgmedia.com.vn/vi/wp-json/oembed/1.0/embedbd1e]
[hgmedia.com.vn/vi/wp-json/wp/v2/pages/1972]
[hgmedia.com.vn/vi/ve-chung-toi/index.html]
[hgmedia.com.vn/vi/wp-json/oembed/1.0/embed2feb.json]
[hgmedia.com.vn/vi/wp-json/oembed/1.0/embeddd56]
[hgmedia.com.vn/vi/wp-json/wp/v2/pages/2118]
[hgmedia.com.vn/vi/du-an/index.html]
[hgmedia.com.vn/vi/wp-json/wp/v2/categories/1]
[hgmedia.com.vn/vi/chuyen-muc/blog/index.html]
[hgmedia.com.vn/vi/chuyen-muc/blog/feed/index.html]
[hgmedia.com.vn/vi/wp-json/wp/v2/danh_muc_tuyen_dung/7]
[hgmedia.com.vn/vi/danh-muc-tuyen-dung/tat-ca-cac-phong/index.html]
[hgmedia.com.vn/vi/chuyen-muc/du-an/index.html]
[hgmedia.com.vn/vi/chuyen-muc/blog/youtube/index.html]
[hgmedia.com.vn/vi/chuyen-muc/blog/seo-youtube/index.html]
[hgmedia.com.vn/vi/chuyen-muc/blog/content-creator/index.html]
[hgmedia.com.vn/vi/van-hanh-label/index.html]
[hgmedia.com.vn/vi/wp-json/oembed/1.0/embeda112.json]
[hgmedia.com.vn/vi/seo-youtube-la-gi-cac-chien-luoc-seo-hieu-qua-nhat-hien-nay/index.html]
[hgmedia.com.vn/vi/nghe-youtuber-xu-huong-kiem-tien-cua-gioi-tre/index.html]
[hgmedia.com.vn/vi/tong-hop-a-z-cach-sang-tao-noi-dung-tren-youtube-de-co-thu-nhap-khung/index.html]
[hgmedia.com.vn/vi/wp-json/oembed/1.0/embed427f]
[hgmedia.com.vn/vi/danh-muc-tuyen-dung/tat-ca-cac-phong/feed/index.html]
[hgmedia.com.vn/vi/wp-json/wp/v2/posts/1835]
[hgmedia.com.vn/vi/he-thong-youtube-channel-ve-am-nhac/index.html]
[hgmedia.com.vn/vi/danh-muc-tuyen-dung/phong-tuyen-dung/phong-marketing/index.html]
[hgmedia.com.vn/vi/danh-muc-tuyen-dung/phong-tuyen-dung/phong-doi-ngoai/index.html]
[hgmedia.com.vn/vi/danh-muc-tuyen-dung/phong-tuyen-dung/phong-nhan-su/index.html]
[hgmedia.com.vn/vi/danh-muc-tuyen-dung/phong-tuyen-dung/phong-ban-khac/index.html]
[hgmedia.com.vn/vi/wp-json/oembed/1.0/embeda429.json]
[hgmedia.com.vn/vi/tuyen-dung/video-editor-ai-native/index.html]
[hgmedia.com.vn/vi/wp-json/oembed/1.0/embed50b1]
[hgmedia.com.vn/vi/tuyen-dung/9567-2/index.html]
[hgmedia.com.vn/vi/tuyen-dung/tro-ly-giam-doc/index.html]
[hgmedia.com.vn/vi/tuyen-dung/quan-ly-san-xuat-nhac-2/index.html]
[hgmedia.com.vn/vi/wp-json/wp/v2/posts/1830]
[hgmedia.com.vn/vi/he-thong-youtube-channel-ve-giai-tri/index.html]
[hgmedia.com.vn/vi/tuyen-dung/tro-ly-du-an-phat-trien-label-nhac/index.html]
[hgmedia.com.vn/vi/tuyen-dung/thuc-tap-sinh-nhan-su/index.html]
[hgmedia.com.vn/vi/tuyen-dung/video-editor-su-dung-ae/index.html]
[hgmedia.com.vn/vi/tuyen-dung/social-marketing-executive-2/index.html]
[hgmedia.com.vn/vi/wp-json/oembed/1.0/embed854a.json]
[hgmedia.com.vn/vi/tuyen-dung/9403-2/index.html]
[hgmedia.com.vn/vi/wp-json/oembed/1.0/embedec1d]
[hgmedia.com.vn/vi/tuyen-dung/van-hanh-label-3/index.html]
[hgmedia.com.vn/vi/danh-muc-tuyen-dung/tat-ca-cac-phong/page/2/index.html]
[hgmedia.com.vn/vi/wp-json/wp/v2/posts/1833]
[hgmedia.com.vn/vi/helios-records/index.html]
[hgmedia.com.vn/vi/danh-muc-tuyen-dung/tat-ca-cac-phong/page/3/index.html]
[hgmedia.com.vn/vi/author/admin/index.html]
[hgmedia.com.vn/vi/he-thong-youtube-channel-ve-am-nhac/feed/index.html]
[hgmedia.com.vn/vi/he-thong-youtube-channel-ve-giai-tri/feed/index.html]
[hgmedia.com.vn/vi/wp-json/oembed/1.0/embed70de.json]
[hgmedia.com.vn/vi/helios-records/feed/index.html]
[hgmedia.com.vn/vi/wp-json/oembed/1.0/embedda9f]
[hgmedia.com.vn/vi/wp-json/wp/v2/posts/1810]
[hgmedia.com.vn/vi/deep-universe/index.html]
[hgmedia.com.vn/en/wp-json/wp/v2/pages/1972.json]
[hgmedia.com.vn/en/indexb6a6.html]
[hgmedia.com.vn/wp-content/uploads/2022/05/Vision.svg]
[hgmedia.com.vn/wp-content/uploads/2022/05/Mission.svg]
[hgmedia.com.vn/wp-content/uploads/2022/05/our-team-title.svg]
[hgmedia.com.vn/en/wp-json/wp/v2/pages/2118.json]
[hgmedia.com.vn/en/index06c3.html]
[hgmedia.com.vn/wp-content/uploads/2022/05/ACHIEVEMENTS-title.svg]
[hgmedia.com.vn/wp-content/uploads/2022/05/02.svg]
[hgmedia.com.vn/wp-content/uploads/2022/05/03-new.svg]
[hgmedia.com.vn/wp-content/uploads/2022/05/channels-title.svg]
[hgmedia.com.vn/en/wp-json/wp/v2/categories/1.json]
[hgmedia.com.vn/wp-content/uploads/2022/05/blog-title-new1.svg]
[hgmedia.com.vn/vi/deep-universe/feed/index.html]
[hgmedia.com.vn/en/wp-json/wp/v2/categories/6]
[hgmedia.com.vn/en/chuyen-muc/du-an/index.html]
[hgmedia.com.vn/en/chuyen-muc/du-an/feed/index.html]
[hgmedia.com.vn/en/wp-json/wp/v2/categories/12]
[hgmedia.com.vn/en/chuyen-muc/blog/youtube/index.html]
[hgmedia.com.vn/en/chuyen-muc/blog/youtube/feed/index.html]
[hgmedia.com.vn/en/wp-json/wp/v2/categories/13]
[hgmedia.com.vn/en/chuyen-muc/blog/seo-youtube/index.html]
[hgmedia.com.vn/en/chuyen-muc/blog/seo-youtube/feed/index.html]
[hgmedia.com.vn/en/wp-json/wp/v2/categories/15]
[hgmedia.com.vn/en/chuyen-muc/blog/content-creator/index.html]
[hgmedia.com.vn/en/chuyen-muc/blog/content-creator/feed/index.html]
[hgmedia.com.vn/en/wp-json/oembed/1.0/embed35a9.json]
[hgmedia.com.vn/en/van-hanh-label/feed/index.html]
[hgmedia.com.vn/en/wp-json/oembed/1.0/embedcfad]
[hgmedia.com.vn/en/wp-json/wp/v2/posts/9359]
[hgmedia.com.vn/en/van-hanh-label/index.html]
[hgmedia.com.vn/en/wp-json/oembed/1.0/embedba7b.json]
[hgmedia.com.vn/en/author/manager/index.html]
[hgmedia.com.vn/en/seo-youtube-la-gi-cac-chien-luoc-seo-hieu-qua-nhat-hien-nay/feed/index.html]
[hgmedia.com.vn/en/wp-json/oembed/1.0/embedb42d]
[hgmedia.com.vn/en/wp-json/wp/v2/posts/2729]
[hgmedia.com.vn/wp-content/uploads/2022/08/seo-youtube-la-gi-cac-buoc-seo-youtube-hieu-qua-nhat-2021.jpg]
[hgmedia.com.vn/wp-content/uploads/2022/08/tang-de-xuat-danh-cho-video-youtube-1-2.jpg]
[hgmedia.com.vn/wp-content/uploads/2022/08/youtube-heroes-1.jpg]
[hgmedia.com.vn/wp-content/uploads/2022/08/3.jpg]
[hgmedia.com.vn/en/seo-youtube-la-gi-cac-chien-luoc-seo-hieu-qua-nhat-hien-nay/index.html]
[hgmedia.com.vn/en/wp-json/oembed/1.0/embedcc10.json]
[hgmedia.com.vn/en/nghe-youtuber-xu-huong-kiem-tien-cua-gioi-tre/feed/index.html]
[hgmedia.com.vn/en/wp-json/oembed/1.0/embeda7ec]
[hgmedia.com.vn/en/wp-json/wp/v2/posts/2472]
[hgmedia.com.vn/en/nghe-youtuber-xu-huong-kiem-tien-cua-gioi-tre/index.html]
[hgmedia.com.vn/en/wp-json/oembed/1.0/embed4aa5.json]
[hgmedia.com.vn/en/tong-hop-a-z-cach-sang-tao-noi-dung-tren-youtube-de-co-thu-nhap-khung/feed/index.html]
[hgmedia.com.vn/en/wp-json/oembed/1.0/embedb0f2]
[hgmedia.com.vn/wp-includes/blocks/paragraph/style.minb34e.css]
[hgmedia.com.vn/en/wp-json/wp/v2/posts/2403]
[hgmedia.com.vn/en/tong-hop-a-z-cach-sang-tao-noi-dung-tren-youtube-de-co-thu-nhap-khung/index.html]
[hgmedia.com.vn/danh-muc-tuyen-dung/tat-ca-cac-phong/page/2/index.html]
[hgmedia.com.vn/en/wp-json/wp/v2/danh_muc_tuyen_dung/7.json]
[hgmedia.com.vn/wp-content/uploads/2022/05/career-title.svg]
[hgmedia.com.vn/en/wp-json/wp/v2/danh_muc_tuyen_dung/9]
[hgmedia.com.vn/wp-content/uploads/2024/04/LOGO_REDONE-MEDIA-01-1.jpg]
[hgmedia.com.vn/en/danh-muc-tuyen-dung/phong-tuyen-dung/phong-marketing/index.html]
[hgmedia.com.vn/en/danh-muc-tuyen-dung/tat-ca-cac-phong/phong-marketing/index.html]
[hgmedia.com.vn/en/danh-muc-tuyen-dung/tat-ca-cac-phong/phong-marketing/feed/index.html]
[hgmedia.com.vn/en/danh-muc-tuyen-dung/phong-tuyen-dung/phong-doi-ngoai/index.html]
[hgmedia.com.vn/en/tuyen-dung/video-editor-an-tue/index.html]
[hgmedia.com.vn/en/tuyen-dung/truong-nhom-marketing-2/index.html]
[hgmedia.com.vn/en/wp-json/wp/v2/danh_muc_tuyen_dung/10]
[hgmedia.com.vn/en/danh-muc-tuyen-dung/phong-tuyen-dung/phong-nhan-su/index.html]
[hgmedia.com.vn/en/tuyen-dung/marketing-manager/index.html]
[hgmedia.com.vn/en/tuyen-dung/truong-nhom-seo-youtube-2/index.html]
[hgmedia.com.vn/en/tuyen-dung/video-editor-2/index.html]
[hgmedia.com.vn/en/tuyen-dung/nhan-vien-seo-youtube/index.html]
[hgmedia.com.vn/en/tuyen-dung/digital-marketing-5/index.html]
[hgmedia.com.vn/en/wp-json/wp/v2/danh_muc_tuyen_dung/11]
[hgmedia.com.vn/en/danh-muc-tuyen-dung/phong-tuyen-dung/phong-ban-khac/index.html]
[hgmedia.com.vn/en/tuyen-dung/chuyen-vien-video-editor-travel-mkt1/index.html]
[hgmedia.com.vn/en/tuyen-dung/hau-ky-am-thanh/index.html]
[hgmedia.com.vn/en/tuyen-dung/motion-effect-designer-phong-mkt1/index.html]
[hgmedia.com.vn/en/danh-muc-tuyen-dung/tat-ca-cac-phong/phong-nhan-su/index.html]
[hgmedia.com.vn/en/danh-muc-tuyen-dung/tat-ca-cac-phong/phong-nhan-su/feed/index.html]
[hgmedia.com.vn/en/wp-json/oembed/1.0/embed469b.json]
[hgmedia.com.vn/en/danh-muc-tuyen-dung/tat-ca-cac-phong/phong-ban-khac/index.html]
[hgmedia.com.vn/en/danh-muc-tuyen-dung/tat-ca-cac-phong/phong-ban-khac/feed/index.html]
[hgmedia.com.vn/en/wp-json/oembed/1.0/embed3b88]
[hgmedia.com.vn/en/tuyen-dung/executive-assistant-to-ceo/index.html]
[hgmedia.com.vn/en/wp-json/wp/v2/tuyen_dung/9583]
[hgmedia.com.vn/en/tuyen-dung/video-editor-ai-native/index.html]
[hgmedia.com.vn/wp-content/uploads/2022/05/icon-upload.svg]
[hgmedia.com.vn/en/wp-json/oembed/1.0/embedd664.json]
[hgmedia.com.vn/en/danh-muc-tuyen-dung/phong-label-marketing/index.html]
[hgmedia.com.vn/en/wp-json/oembed/1.0/embed1640]
[hgmedia.com.vn/en/wp-json/wp/v2/tuyen_dung/9567]
[hgmedia.com.vn/en/tuyen-dung/9567-2/index.html]
[hgmedia.com.vn/en/wp-json/oembed/1.0/embed94bc.json]
[hgmedia.com.vn/en/wp-json/oembed/1.0/embed119f]
[hgmedia.com.vn/en/wp-json/wp/v2/tuyen_dung/9549]
[hgmedia.com.vn/en/tuyen-dung/tro-ly-giam-doc/index.html]
[hgmedia.com.vn/en/wp-json/oembed/1.0/embed715a.json]
[hgmedia.com.vn/en/wp-json/oembed/1.0/embedcb2d]
[hgmedia.com.vn/en/wp-json/wp/v2/tuyen_dung/9539]
[hgmedia.com.vn/en/tuyen-dung/quan-ly-san-xuat-nhac-2/index.html]
[hgmedia.com.vn/en/wp-json/oembed/1.0/embed4ebc.json]
[hgmedia.com.vn/en/danh-muc-tuyen-dung/phong-san-xuat-nhac/index.html]
[hgmedia.com.vn/en/wp-json/oembed/1.0/embedb740]
[hgmedia.com.vn/en/wp-json/wp/v2/tuyen_dung/9537]
[hgmedia.com.vn/en/tuyen-dung/thuc-tap-sinh-nhan-su/index.html]
[hgmedia.com.vn/en/wp-json/oembed/1.0/embed38b0.json]
[hgmedia.com.vn/en/wp-json/oembed/1.0/embeda280]
[hgmedia.com.vn/en/wp-json/wp/v2/tuyen_dung/9493]
[hgmedia.com.vn/en/tuyen-dung/tro-ly-du-an-phat-trien-label-nhac/index.html]
[hgmedia.com.vn/en/wp-json/oembed/1.0/embedc1f4.json]
[hgmedia.com.vn/en/wp-json/oembed/1.0/embede73f]
[hgmedia.com.vn/en/wp-json/wp/v2/tuyen_dung/9466]
[hgmedia.com.vn/en/tuyen-dung/video-editor-su-dung-ae/index.html]
[hgmedia.com.vn/en/wp-json/oembed/1.0/embed0aa4.json]
[hgmedia.com.vn/en/wp-json/oembed/1.0/embedd682]
[hgmedia.com.vn/en/wp-json/wp/v2/tuyen_dung/9464]
[hgmedia.com.vn/en/tuyen-dung/social-marketing-executive-2/index.html]
[hgmedia.com.vn/en/wp-json/oembed/1.0/embeddf9e.json]
[hgmedia.com.vn/en/wp-json/oembed/1.0/embed29cf]
[hgmedia.com.vn/en/wp-json/wp/v2/tuyen_dung/9403]
[hgmedia.com.vn/en/tuyen-dung/9403-2/index.html]
[hgmedia.com.vn/en/wp-json/oembed/1.0/embed367e.json]
[hgmedia.com.vn/en/wp-json/oembed/1.0/embed03cf]
[hgmedia.com.vn/en/wp-json/wp/v2/tuyen_dung/9364]
[hgmedia.com.vn/en/tuyen-dung/van-hanh-label-3/index.html]
[hgmedia.com.vn/en/danh-muc-tuyen-dung/tat-ca-cac-phong/page/2/index.html]
[hgmedia.com.vn/en/danh-muc-tuyen-dung/tat-ca-cac-phong/page/3/index.html]
[hgmedia.com.vn/en/wp-json/wp/v2/posts/1835.json]
[hgmedia.com.vn/en/tuyen-dung/nhan-vien-phat-trien-label-nhac/index.html]
[hgmedia.com.vn/en/indexc39d.html]
[hgmedia.com.vn/en/tuyen-dung/creative-content/index.html]
[hgmedia.com.vn/en/tuyen-dung/business-development-officer-thu-mua-2/index.html]
[hgmedia.com.vn/en/wp-json/wp/v2/users/1.c3.delayed]
[hgmedia.com.vn/en/author/admin/feed/index.html]
[hgmedia.com.vn/en/author/admin/index.html]
[hgmedia.com.vn/en/wp-json/wp/v2/posts/1830.json]
[hgmedia.com.vn/en/index8b41.html]
[hgmedia.com.vn/en/wp-json/wp/v2/posts/1833.json]
[hgmedia.com.vn/en/indexf5ae.html]
[hgmedia.com.vn/en/wp-json/wp/v2/posts/1810.json]
[hgmedia.com.vn/en/indexcb44.html]
[hgmedia.com.vn/vi/wp-json/wp/v2/pages/1972.json]
[hgmedia.com.vn/vi/indexb6a6.html]
[hgmedia.com.vn/vi/wp-json/wp/v2/pages/2118.json]
[hgmedia.com.vn/vi/index06c3.html]
[hgmedia.com.vn/vi/wp-json/wp/v2/categories/1.json]
[hgmedia.com.vn/en/tuyen-dung/digital-marketing-youtube/index.html]
[hgmedia.com.vn/en/tuyen-dung/ke-toan-thue/index.html]
[hgmedia.com.vn/vi/wp-json/wp/v2/categories/6]
[hgmedia.com.vn/vi/chuyen-muc/du-an/index.html]
[hgmedia.com.vn/vi/chuyen-muc/du-an/feed/index.html]
[hgmedia.com.vn/vi/wp-json/wp/v2/categories/12]
[hgmedia.com.vn/vi/chuyen-muc/blog/youtube/index.html]
[hgmedia.com.vn/vi/chuyen-muc/blog/youtube/feed/index.html]
[hgmedia.com.vn/vi/wp-json/wp/v2/categories/13]
[hgmedia.com.vn/vi/chuyen-muc/blog/seo-youtube/index.html]
[hgmedia.com.vn/vi/chuyen-muc/blog/seo-youtube/feed/index.html]
[hgmedia.com.vn/vi/wp-json/wp/v2/categories/15]
[hgmedia.com.vn/vi/chuyen-muc/blog/content-creator/index.html]
[hgmedia.com.vn/vi/chuyen-muc/blog/content-creator/feed/index.html]
[hgmedia.com.vn/vi/wp-json/oembed/1.0/embed75d0.json]
[hgmedia.com.vn/vi/van-hanh-label/feed/index.html]
[hgmedia.com.vn/vi/wp-json/oembed/1.0/embedf880]
[hgmedia.com.vn/vi/wp-json/wp/v2/posts/9359]
[hgmedia.com.vn/vi/van-hanh-label/index.html]
[hgmedia.com.vn/vi/author/manager/index.html]
[hgmedia.com.vn/vi/wp-json/oembed/1.0/embed9b3d.json]
[hgmedia.com.vn/vi/seo-youtube-la-gi-cac-chien-luoc-seo-hieu-qua-nhat-hien-nay/feed/index.html]
[hgmedia.com.vn/vi/wp-json/oembed/1.0/embedf872]
[hgmedia.com.vn/vi/wp-json/wp/v2/posts/2729]
[hgmedia.com.vn/vi/seo-youtube-la-gi-cac-chien-luoc-seo-hieu-qua-nhat-hien-nay/index.html]
[hgmedia.com.vn/vi/wp-json/oembed/1.0/embed8c29.json]
[hgmedia.com.vn/vi/nghe-youtuber-xu-huong-kiem-tien-cua-gioi-tre/feed/index.html]
[hgmedia.com.vn/vi/wp-json/oembed/1.0/embed6af7]
[hgmedia.com.vn/vi/wp-json/wp/v2/posts/2472]
[hgmedia.com.vn/vi/nghe-youtuber-xu-huong-kiem-tien-cua-gioi-tre/index.html]
[hgmedia.com.vn/vi/wp-json/oembed/1.0/embed1c82.json]
[hgmedia.com.vn/vi/tong-hop-a-z-cach-sang-tao-noi-dung-tren-youtube-de-co-thu-nhap-khung/feed/index.html]
[hgmedia.com.vn/vi/wp-json/oembed/1.0/embed2623]
[hgmedia.com.vn/vi/wp-json/wp/v2/posts/2403]
[hgmedia.com.vn/vi/tong-hop-a-z-cach-sang-tao-noi-dung-tren-youtube-de-co-thu-nhap-khung/index.html]
[hgmedia.com.vn/vi/wp-json/wp/v2/danh_muc_tuyen_dung/7.json]
[hgmedia.com.vn/vi/wp-json/wp/v2/danh_muc_tuyen_dung/9]
[hgmedia.com.vn/vi/danh-muc-tuyen-dung/phong-tuyen-dung/phong-marketing/index.html]
[hgmedia.com.vn/vi/danh-muc-tuyen-dung/tat-ca-cac-phong/phong-marketing/index.html]
[hgmedia.com.vn/vi/danh-muc-tuyen-dung/phong-tuyen-dung/phong-doi-ngoai/index.html]
[hgmedia.com.vn/vi/tuyen-dung/video-editor-an-tue/index.html]
[hgmedia.com.vn/vi/danh-muc-tuyen-dung/tat-ca-cac-phong/phong-marketing/feed/index.html]
[hgmedia.com.vn/vi/tuyen-dung/truong-nhom-marketing-2/index.html]
[hgmedia.com.vn/vi/tuyen-dung/truong-nhom-seo-youtube-2/index.html]
[hgmedia.com.vn/vi/tuyen-dung/marketing-manager/index.html]
[hgmedia.com.vn/vi/wp-json/wp/v2/danh_muc_tuyen_dung/10]
[hgmedia.com.vn/vi/danh-muc-tuyen-dung/phong-tuyen-dung/phong-nhan-su/index.html]
[hgmedia.com.vn/vi/tuyen-dung/video-editor-2/index.html]
[hgmedia.com.vn/vi/tuyen-dung/digital-marketing-5/index.html]
[hgmedia.com.vn/vi/tuyen-dung/nhan-vien-seo-youtube/index.html]
[hgmedia.com.vn/vi/tuyen-dung/chuyen-vien-video-editor-travel-mkt1/index.html]
[hgmedia.com.vn/vi/wp-json/wp/v2/danh_muc_tuyen_dung/11]
[hgmedia.com.vn/vi/danh-muc-tuyen-dung/phong-tuyen-dung/phong-ban-khac/index.html]
[hgmedia.com.vn/vi/tuyen-dung/hau-ky-am-thanh/index.html]
[hgmedia.com.vn/vi/tuyen-dung/motion-effect-designer-phong-mkt1/index.html]
[hgmedia.com.vn/vi/danh-muc-tuyen-dung/tat-ca-cac-phong/phong-nhan-su/index.html]
[hgmedia.com.vn/vi/danh-muc-tuyen-dung/tat-ca-cac-phong/phong-nhan-su/feed/index.html]
[hgmedia.com.vn/vi/wp-json/oembed/1.0/embed48b2.json]
[hgmedia.com.vn/vi/danh-muc-tuyen-dung/tat-ca-cac-phong/phong-ban-khac/index.html]
[hgmedia.com.vn/vi/wp-json/oembed/1.0/embed08c7]
[hgmedia.com.vn/vi/danh-muc-tuyen-dung/tat-ca-cac-phong/phong-ban-khac/feed/index.html]
[hgmedia.com.vn/vi/tuyen-dung/executive-assistant-to-ceo/index.html]
[hgmedia.com.vn/vi/wp-json/wp/v2/tuyen_dung/9583]
[hgmedia.com.vn/vi/tuyen-dung/video-editor-ai-native/index.html]
[hgmedia.com.vn/vi/wp-json/oembed/1.0/embeda4c2.json]
[hgmedia.com.vn/vi/danh-muc-tuyen-dung/phong-label-marketing/index.html]
[hgmedia.com.vn/vi/wp-json/oembed/1.0/embed825a]
[hgmedia.com.vn/vi/wp-json/wp/v2/tuyen_dung/9567]
[hgmedia.com.vn/vi/tuyen-dung/9567-2/index.html]
[hgmedia.com.vn/vi/wp-json/oembed/1.0/embed1665.json]
[hgmedia.com.vn/vi/wp-json/oembed/1.0/embede9f9]
[hgmedia.com.vn/vi/wp-json/wp/v2/tuyen_dung/9549]
[hgmedia.com.vn/vi/tuyen-dung/tro-ly-giam-doc/index.html]
[hgmedia.com.vn/vi/wp-json/oembed/1.0/embedc080.json]
[hgmedia.com.vn/vi/wp-json/oembed/1.0/embed02ba]
[hgmedia.com.vn/vi/wp-json/wp/v2/tuyen_dung/9539]
[hgmedia.com.vn/vi/tuyen-dung/quan-ly-san-xuat-nhac-2/index.html]
[hgmedia.com.vn/vi/wp-json/oembed/1.0/embed84c4.json]
[hgmedia.com.vn/vi/danh-muc-tuyen-dung/phong-san-xuat-nhac/index.html]
[hgmedia.com.vn/vi/wp-json/oembed/1.0/embed1db6]
[hgmedia.com.vn/vi/wp-json/wp/v2/tuyen_dung/9537]
[hgmedia.com.vn/vi/tuyen-dung/thuc-tap-sinh-nhan-su/index.html]
[hgmedia.com.vn/vi/wp-json/oembed/1.0/embed5730.json]
[hgmedia.com.vn/vi/wp-json/oembed/1.0/embedbfaa]
[hgmedia.com.vn/vi/wp-json/wp/v2/tuyen_dung/9493]
[hgmedia.com.vn/vi/tuyen-dung/tro-ly-du-an-phat-trien-label-nhac/index.html]
[hgmedia.com.vn/vi/wp-json/oembed/1.0/embed0766.json]
[hgmedia.com.vn/vi/wp-json/oembed/1.0/embed972a]
[hgmedia.com.vn/vi/wp-json/wp/v2/tuyen_dung/9466]
[hgmedia.com.vn/vi/tuyen-dung/video-editor-su-dung-ae/index.html]
[hgmedia.com.vn/vi/wp-json/oembed/1.0/embed08b3.json]
[hgmedia.com.vn/vi/wp-json/oembed/1.0/embed3bd1]
[hgmedia.com.vn/vi/wp-json/wp/v2/tuyen_dung/9464]
[hgmedia.com.vn/vi/tuyen-dung/social-marketing-executive-2/index.html]
[hgmedia.com.vn/vi/wp-json/oembed/1.0/embed3176.json]
[hgmedia.com.vn/vi/wp-json/oembed/1.0/embedb8cd]
[hgmedia.com.vn/vi/wp-json/wp/v2/tuyen_dung/9403]
[hgmedia.com.vn/vi/tuyen-dung/9403-2/index.html]
[hgmedia.com.vn/vi/wp-json/oembed/1.0/embed4080.json]
[hgmedia.com.vn/vi/wp-json/oembed/1.0/embeddd84]
[hgmedia.com.vn/vi/wp-json/wp/v2/tuyen_dung/9364]
[hgmedia.com.vn/vi/tuyen-dung/van-hanh-label-3/index.html]
[hgmedia.com.vn/vi/danh-muc-tuyen-dung/tat-ca-cac-phong/page/2/index.html]
[hgmedia.com.vn/vi/tuyen-dung/nhan-vien-phat-trien-label-nhac/index.html]
[hgmedia.com.vn/vi/danh-muc-tuyen-dung/tat-ca-cac-phong/page/3/index.html]
[hgmedia.com.vn/vi/tuyen-dung/creative-content/index.html]
[hgmedia.com.vn/vi/tuyen-dung/business-development-officer-thu-mua-2/index.html]
[hgmedia.com.vn/vi/wp-json/wp/v2/posts/1835.json]
[hgmedia.com.vn/vi/tuyen-dung/digital-marketing-youtube/index.html]
[hgmedia.com.vn/vi/indexc39d.html]
[hgmedia.com.vn/vi/tuyen-dung/ke-toan-thue/index.html]
[hgmedia.com.vn/vi/wp-json/wp/v2/users/1]
[hgmedia.com.vn/vi/author/admin/index.html]
[hgmedia.com.vn/vi/wp-json/wp/v2/posts/1830.json]
[hgmedia.com.vn/vi/index8b41.html]
[hgmedia.com.vn/vi/wp-json/wp/v2/posts/1833.json]
[hgmedia.com.vn/vi/indexf5ae.html]
[hgmedia.com.vn/vi/wp-json/wp/v2/posts/1810.json]
[hgmedia.com.vn/vi/indexcb44.html]
[hgmedia.com.vn/en/wp-json/wp/v2/categories/6.json]
[hgmedia.com.vn/en/wp-json/wp/v2/categories/12.json]
[hgmedia.com.vn/en/wp-json/wp/v2/categories/13.json]
[hgmedia.com.vn/en/wp-json/wp/v2/categories/15.json]
[hgmedia.com.vn/en/wp-json/wp/v2/posts/9359.json]
[hgmedia.com.vn/en/index94cd.html]
[hgmedia.com.vn/vi/author/admin/feed/index.html]
[hgmedia.com.vn/en/wp-json/wp/v2/users/2]
[hgmedia.com.vn/en/author/manager/index.html]
[hgmedia.com.vn/en/wp-json/wp/v2/posts/2729.json]
[hgmedia.com.vn/en/index764f.html]
[hgmedia.com.vn/en/wp-json/wp/v2/posts/2472.json]
[hgmedia.com.vn/en/index65ff.html]
[hgmedia.demo.servisense.agency/wp-content/uploads/2022/06/youtuberkiemtienhangtidong3_xtxq.html]
[hgmedia.demo.servisense.agency/wp-content/uploads/2022/06/kiem-tien-voi-youtube.html]
[hgmedia.demo.servisense.agency/wp-content/uploads/2022/06/Screen-Shot-2018-09-28-at-12.00.34-PM-1080x675-3.html]
[hgmedia.demo.servisense.agency/wp-content/uploads/2022/06/moi-nam-kiem-28-ty-kenh-youtube-cua-tran-thanh-vua-dat-ky-luc-khung.html]
[hgmedia.com.vn/wp-includes/blocks/paragraph/style.minb34e.css]
[hgmedia.com.vn/wp-includes/blocks/list/style.minb34e.css]
[hgmedia.com.vn/en/wp-json/wp/v2/posts/2403.json]
[hgmedia.com.vn/en/index3d33.html]
[hgmedia.demo.servisense.agency/wp-content/uploads/2022/06/du-ng-youtube-lau-nam-nhung-nhie-u-nguo-i-chua-bie-t-nhu-ng-die-u-na-y.html]
[hgmedia.demo.servisense.agency/wp-content/uploads/2022/06/word-image-878-1.html]
[hgmedia.demo.servisense.agency/wp-content/uploads/2022/06/thong-diep-cho-noi-dung-video-1.html]
[hgmedia.demo.servisense.agency/wp-content/uploads/2022/06/1569581613_705604_1569581916_noticia_normal-1.html]
[hgmedia.demo.servisense.agency/wp-content/uploads/2022/06/Screen-Shot-2018-09-28-at-12.00.34-PM-1080x675-2.html]
[hgmedia.demo.servisense.agency/wp-content/uploads/2022/06/maxresdefault-1.html]
[hgmedia.com.vn/en/danh-muc-tuyen-dung/tat-ca-cac-phong/phong-marketing/index.html]
[hgmedia.com.vn/en/wp-json/wp/v2/danh_muc_tuyen_dung/9.json]
[hgmedia.com.vn/en/author/manager/feed/index.html]
[hgmedia.com.vn/en/wp-json/oembed/1.0/embeda193.json]
[hgmedia.com.vn/en/wp-json/oembed/1.0/embede231]
[hgmedia.com.vn/en/wp-json/wp/v2/tuyen_dung/9308]
[hgmedia.com.vn/en/tuyen-dung/video-editor-an-tue/index.html]
[hgmedia.com.vn/en/wp-json/oembed/1.0/embed327c.json]
[hgmedia.com.vn/en/wp-json/oembed/1.0/embed76a0]
[hgmedia.com.vn/en/wp-json/wp/v2/tuyen_dung/9199]
[hgmedia.com.vn/en/tuyen-dung/truong-nhom-marketing-2/index.html]
[hgmedia.com.vn/en/wp-json/oembed/1.0/embed89d2.json]
[hgmedia.com.vn/en/wp-json/oembed/1.0/embedc489]
[hgmedia.com.vn/en/wp-json/wp/v2/tuyen_dung/9196]
[hgmedia.com.vn/en/tuyen-dung/marketing-manager/index.html]
[hgmedia.com.vn/en/wp-json/oembed/1.0/embed8c44.json]
[hgmedia.com.vn/en/wp-json/oembed/1.0/embed335b]
[hgmedia.com.vn/en/wp-json/wp/v2/tuyen_dung/9092]
[hgmedia.com.vn/en/tuyen-dung/truong-nhom-seo-youtube-2/index.html]
[hgmedia.com.vn/en/wp-json/oembed/1.0/embedd6a5.json]
[hgmedia.com.vn/en/wp-json/oembed/1.0/embed6dd1]
[hgmedia.com.vn/en/wp-json/wp/v2/tuyen_dung/8027]
[hgmedia.com.vn/en/tuyen-dung/video-editor-2/index.html]
[hgmedia.com.vn/en/wp-json/oembed/1.0/embed70b2.json]
[hgmedia.com.vn/en/wp-json/oembed/1.0/embedcbe6]
[hgmedia.com.vn/en/wp-json/wp/v2/tuyen_dung/7956]
[hgmedia.com.vn/en/tuyen-dung/nhan-vien-seo-youtube/index.html]
[hgmedia.com.vn/en/wp-json/oembed/1.0/embed52ff.json]
[hgmedia.com.vn/en/wp-json/oembed/1.0/embed858c]
[hgmedia.com.vn/en/wp-json/wp/v2/tuyen_dung/7674]
[hgmedia.com.vn/en/tuyen-dung/digital-marketing-5/index.html]
[hgmedia.com.vn/en/wp-json/oembed/1.0/embedcb1e.json]
[hgmedia.com.vn/en/wp-json/oembed/1.0/embedacf4]
[hgmedia.com.vn/en/wp-json/wp/v2/tuyen_dung/7462]
[hgmedia.com.vn/en/tuyen-dung/chuyen-vien-video-editor-travel-mkt1/index.html]
[hgmedia.com.vn/en/wp-json/oembed/1.0/embedb9d1.json]
[hgmedia.com.vn/en/wp-json/oembed/1.0/embed7759]
[hgmedia.com.vn/en/wp-json/wp/v2/tuyen_dung/7284]
[hgmedia.com.vn/en/tuyen-dung/hau-ky-am-thanh/index.html]
[hgmedia.com.vn/en/wp-json/oembed/1.0/embedd4cd.json]
[hgmedia.com.vn/en/wp-json/oembed/1.0/embed234e]
[hgmedia.com.vn/en/wp-json/wp/v2/tuyen_dung/5032]
[hgmedia.com.vn/en/tuyen-dung/motion-effect-designer-phong-mkt1/index.html]
[hgmedia.com.vn/en/danh-muc-tuyen-dung/tat-ca-cac-phong/phong-nhan-su/index.html]
[hgmedia.com.vn/en/wp-json/wp/v2/danh_muc_tuyen_dung/10.json]
[hgmedia.com.vn/en/danh-muc-tuyen-dung/tat-ca-cac-phong/phong-ban-khac/index.html]
[hgmedia.com.vn/en/wp-json/wp/v2/danh_muc_tuyen_dung/11.json]
[hgmedia.com.vn/en/wp-json/oembed/1.0/embede295.json]
[hgmedia.com.vn/en/wp-json/oembed/1.0/embed8583]
[hgmedia.com.vn/en/wp-json/wp/v2/tuyen_dung/9218]
[hgmedia.com.vn/en/tuyen-dung/executive-assistant-to-ceo/index.html]
[hgmedia.com.vn/en/wp-json/wp/v2/tuyen_dung/9583.json]
[hgmedia.com.vn/en/index2342.html]
[hgmedia.com.vn/en/wp-json/wp/v2/danh_muc_tuyen_dung/24]
[hgmedia.com.vn/en/danh-muc-tuyen-dung/phong-label-marketing/index.html]
[hgmedia.com.vn/wp-content/uploads/2022/05/icon-upload.svg]
[hgmedia.com.vn/en/wp-json/wp/v2/tuyen_dung/9567.json]
[hgmedia.com.vn/en/indexb022.html]
[hgmedia.com.vn/en/wp-json/wp/v2/tuyen_dung/9549.json]
[hgmedia.com.vn/en/indexf80e.html]
[hgmedia.com.vn/en/wp-json/wp/v2/tuyen_dung/9539.json]
[hgmedia.com.vn/en/index7215.html]
[hgmedia.com.vn/en/danh-muc-tuyen-dung/phong-label-marketing/feed/index.html]
[hgmedia.com.vn/en/wp-json/wp/v2/danh_muc_tuyen_dung/25]
[hgmedia.com.vn/en/danh-muc-tuyen-dung/phong-san-xuat-nhac/index.html]
[hgmedia.com.vn/en/wp-json/wp/v2/tuyen_dung/9537.json]
[hgmedia.com.vn/en/index59fa.html]
[hgmedia.com.vn/en/wp-json/wp/v2/tuyen_dung/9493.json]
[hgmedia.com.vn/en/index7166.html]
[hgmedia.com.vn/en/wp-json/wp/v2/tuyen_dung/9466.json]
[hgmedia.com.vn/en/index4503.html]
[hgmedia.com.vn/en/wp-json/wp/v2/tuyen_dung/9464.json]
[hgmedia.com.vn/en/index133d.html]
[hgmedia.com.vn/en/wp-json/wp/v2/tuyen_dung/9403.json]
[hgmedia.com.vn/en/indexf9b9.html]
[hgmedia.com.vn/en/wp-json/wp/v2/tuyen_dung/9364.json]
[hgmedia.com.vn/en/indexd6ab.html]
[hgmedia.com.vn/danh-muc-tuyen-dung/tat-ca-cac-phong/index.html]
[hgmedia.com.vn/danh-muc-tuyen-dung/tat-ca-cac-phong/page/3/index.html]
[hgmedia.com.vn/en/danh-muc-tuyen-dung/phong-san-xuat-nhac/feed/index.html]
[hgmedia.com.vn/en/wp-json/oembed/1.0/embedfe23.json]
[hgmedia.com.vn/en/wp-json/oembed/1.0/embed5e00]
[hgmedia.com.vn/en/wp-json/wp/v2/tuyen_dung/9275]
[hgmedia.com.vn/en/tuyen-dung/nhan-vien-phat-trien-label-nhac/index.html]
[hgmedia.com.vn/en/wp-json/oembed/1.0/embed9fca.json]
[hgmedia.com.vn/en/wp-json/oembed/1.0/embeda686]
[hgmedia.com.vn/en/wp-json/wp/v2/tuyen_dung/9227]
[hgmedia.com.vn/en/tuyen-dung/creative-content/index.html]
[hgmedia.com.vn/en/wp-json/oembed/1.0/embede2cd.json]
[hgmedia.com.vn/en/wp-json/oembed/1.0/embed1516]
[hgmedia.com.vn/en/wp-json/wp/v2/tuyen_dung/8142]
[hgmedia.com.vn/en/tuyen-dung/business-development-officer-thu-mua-2/index.html]
[hgmedia.com.vn/en/danh-muc-tuyen-dung/tat-ca-cac-phong/page/1/index.html]
[hgmedia.com.vn/en/wp-json/oembed/1.0/embed793b.json]
[hgmedia.com.vn/en/wp-json/oembed/1.0/embed0c13]
[hgmedia.com.vn/en/wp-json/wp/v2/tuyen_dung/7312]
[hgmedia.com.vn/en/tuyen-dung/digital-marketing-youtube/index.html]
[hgmedia.com.vn/en/wp-json/oembed/1.0/embed3b71.json]
[hgmedia.com.vn/en/wp-json/oembed/1.0/embeda253]
[hgmedia.com.vn/en/wp-json/wp/v2/tuyen_dung/5901]
[hgmedia.com.vn/en/tuyen-dung/ke-toan-thue/index.html]
[hgmedia.com.vn/en/wp-json/wp/v2/users/1.json]
[hgmedia.com.vn/vi/wp-json/wp/v2/categories/6.json]
[hgmedia.com.vn/vi/wp-json/wp/v2/categories/12.json]
[hgmedia.com.vn/vi/wp-json/wp/v2/categories/13.json]
[hgmedia.com.vn/vi/wp-json/wp/v2/categories/15.json]
[hgmedia.com.vn/vi/wp-json/wp/v2/posts/9359.json]
[hgmedia.com.vn/vi/index94cd.html]
[hgmedia.com.vn/en/danh-muc-tuyen-dung/phong-phap-che/index.html]
[hgmedia.com.vn/vi/wp-json/wp/v2/users/2.129.delayed]
[hgmedia.com.vn/vi/author/manager/index.html]
[hgmedia.com.vn/vi/wp-json/wp/v2/posts/2729.json]
[hgmedia.com.vn/vi/index764f.html]
[hgmedia.com.vn/vi/wp-json/wp/v2/posts/2472.json]
[hgmedia.com.vn/vi/index65ff.html]
[hgmedia.com.vn/vi/wp-json/wp/v2/posts/2403.json]
[hgmedia.com.vn/vi/index3d33.html]
[hgmedia.com.vn/vi/danh-muc-tuyen-dung/tat-ca-cac-phong/phong-marketing/index.html]
[hgmedia.com.vn/vi/wp-json/wp/v2/danh_muc_tuyen_dung/9.json]
[hgmedia.com.vn/vi/author/manager/feed/index.html]
[hgmedia.com.vn/vi/wp-json/oembed/1.0/embede4aa.json]
[hgmedia.com.vn/vi/wp-json/oembed/1.0/embed854c]
[hgmedia.com.vn/vi/wp-json/wp/v2/tuyen_dung/9308]
[hgmedia.com.vn/vi/tuyen-dung/video-editor-an-tue/index.html]
[hgmedia.com.vn/vi/wp-json/oembed/1.0/embedccb8.json]
[hgmedia.com.vn/vi/wp-json/oembed/1.0/embed37e0]
[hgmedia.com.vn/vi/wp-json/wp/v2/tuyen_dung/9199]
[hgmedia.com.vn/vi/tuyen-dung/truong-nhom-marketing-2/index.html]
[hgmedia.com.vn/vi/wp-json/oembed/1.0/embed5c2e.json]
[hgmedia.com.vn/vi/wp-json/oembed/1.0/embed747f]
[hgmedia.com.vn/vi/wp-json/wp/v2/tuyen_dung/9196]
[hgmedia.com.vn/vi/tuyen-dung/marketing-manager/index.html]
[hgmedia.com.vn/vi/wp-json/oembed/1.0/embedbccd.json]
[hgmedia.com.vn/vi/wp-json/oembed/1.0/embedf4dc]
[hgmedia.com.vn/vi/wp-json/wp/v2/tuyen_dung/9092]
[hgmedia.com.vn/vi/tuyen-dung/truong-nhom-seo-youtube-2/index.html]
[hgmedia.com.vn/vi/wp-json/oembed/1.0/embed6d42.json]
[hgmedia.com.vn/vi/wp-json/oembed/1.0/embed4408]
[hgmedia.com.vn/vi/wp-json/wp/v2/tuyen_dung/8027]
[hgmedia.com.vn/vi/tuyen-dung/video-editor-2/index.html]
[hgmedia.com.vn/vi/wp-json/oembed/1.0/embedc0b9.json]
[hgmedia.com.vn/vi/wp-json/oembed/1.0/embedff96]
[hgmedia.com.vn/vi/wp-json/wp/v2/tuyen_dung/7956]
[hgmedia.com.vn/vi/tuyen-dung/nhan-vien-seo-youtube/index.html]
[hgmedia.com.vn/vi/wp-json/oembed/1.0/embed7643.json]
[hgmedia.com.vn/vi/wp-json/oembed/1.0/embedb5f7]
[hgmedia.com.vn/vi/wp-json/wp/v2/tuyen_dung/7674]
[hgmedia.com.vn/vi/tuyen-dung/digital-marketing-5/index.html]
[hgmedia.com.vn/vi/wp-json/oembed/1.0/embed63fb.json]
[hgmedia.com.vn/vi/wp-json/oembed/1.0/embedcdaf]
[hgmedia.com.vn/vi/wp-json/wp/v2/tuyen_dung/7462]
[hgmedia.com.vn/vi/tuyen-dung/chuyen-vien-video-editor-travel-mkt1/index.html]
[hgmedia.com.vn/vi/wp-json/oembed/1.0/embeda229.json]
[hgmedia.com.vn/vi/wp-json/oembed/1.0/embed3803]
[hgmedia.com.vn/vi/wp-json/wp/v2/tuyen_dung/7284]
[hgmedia.com.vn/vi/tuyen-dung/hau-ky-am-thanh/index.html]
[hgmedia.com.vn/vi/wp-json/oembed/1.0/embed0fb0.json]
[hgmedia.com.vn/vi/wp-json/oembed/1.0/embed0446]
[hgmedia.com.vn/vi/wp-json/wp/v2/tuyen_dung/5032]
[hgmedia.com.vn/vi/tuyen-dung/motion-effect-designer-phong-mkt1/index.html]
[hgmedia.com.vn/vi/danh-muc-tuyen-dung/tat-ca-cac-phong/phong-nhan-su/index.html]
[hgmedia.com.vn/vi/wp-json/wp/v2/danh_muc_tuyen_dung/10.json]
[hgmedia.com.vn/vi/danh-muc-tuyen-dung/tat-ca-cac-phong/phong-ban-khac/index.html]
[hgmedia.com.vn/vi/wp-json/wp/v2/danh_muc_tuyen_dung/11.json]
[hgmedia.com.vn/vi/wp-json/oembed/1.0/embed655b.json]
[hgmedia.com.vn/vi/wp-json/oembed/1.0/embedea70]
[hgmedia.com.vn/vi/wp-json/wp/v2/tuyen_dung/9218]
[hgmedia.com.vn/vi/tuyen-dung/executive-assistant-to-ceo/index.html]
[hgmedia.com.vn/vi/wp-json/wp/v2/tuyen_dung/9583.json]
[hgmedia.com.vn/vi/index2342.html]
[hgmedia.com.vn/vi/wp-json/wp/v2/danh_muc_tuyen_dung/24]
[hgmedia.com.vn/vi/danh-muc-tuyen-dung/phong-label-marketing/index.html]
[hgmedia.com.vn/vi/wp-json/wp/v2/tuyen_dung/9567.json]
[hgmedia.com.vn/vi/indexb022.html]
[hgmedia.com.vn/vi/wp-json/wp/v2/tuyen_dung/9549.json]
[hgmedia.com.vn/vi/indexf80e.html]
[hgmedia.com.vn/vi/wp-json/wp/v2/tuyen_dung/9539.json]
[hgmedia.com.vn/vi/index7215.html]
[hgmedia.com.vn/vi/danh-muc-tuyen-dung/phong-label-marketing/feed/index.html]
[hgmedia.com.vn/vi/wp-json/wp/v2/danh_muc_tuyen_dung/25]
[hgmedia.com.vn/vi/danh-muc-tuyen-dung/phong-san-xuat-nhac/index.html]
[hgmedia.com.vn/vi/wp-json/wp/v2/tuyen_dung/9537.json]
[hgmedia.com.vn/vi/index59fa.html]
[hgmedia.com.vn/vi/wp-json/wp/v2/tuyen_dung/9493.json]
[hgmedia.com.vn/vi/index7166.html]
[hgmedia.com.vn/vi/wp-json/wp/v2/tuyen_dung/9466.json]
[hgmedia.com.vn/vi/index4503.html]
[hgmedia.com.vn/vi/wp-json/wp/v2/tuyen_dung/9464.json]
[hgmedia.com.vn/vi/index133d.html]
[hgmedia.com.vn/vi/wp-json/wp/v2/tuyen_dung/9403.json]
[hgmedia.com.vn/vi/indexf9b9.html]
[hgmedia.com.vn/vi/wp-json/wp/v2/tuyen_dung/9364.json]
[hgmedia.com.vn/vi/indexd6ab.html]
[hgmedia.com.vn/vi/danh-muc-tuyen-dung/phong-san-xuat-nhac/feed/index.html]
[hgmedia.com.vn/vi/wp-json/oembed/1.0/embed64ff.json]
[hgmedia.com.vn/vi/wp-json/oembed/1.0/embed72f1]
[hgmedia.com.vn/vi/wp-json/wp/v2/tuyen_dung/9275]
[hgmedia.com.vn/vi/tuyen-dung/nhan-vien-phat-trien-label-nhac/index.html]
[hgmedia.com.vn/vi/wp-json/oembed/1.0/embed5d06.json]
[hgmedia.com.vn/vi/wp-json/oembed/1.0/embed1e23]
[hgmedia.com.vn/vi/wp-json/wp/v2/tuyen_dung/9227]
[hgmedia.com.vn/vi/tuyen-dung/creative-content/index.html]
[hgmedia.com.vn/vi/wp-json/oembed/1.0/embed6687.json]
[hgmedia.com.vn/vi/wp-json/oembed/1.0/embed57ed]
[hgmedia.com.vn/vi/wp-json/wp/v2/tuyen_dung/8142]
[hgmedia.com.vn/vi/tuyen-dung/business-development-officer-thu-mua-2/index.html]
[hgmedia.com.vn/vi/danh-muc-tuyen-dung/tat-ca-cac-phong/page/1/index.html]
[hgmedia.com.vn/vi/wp-json/oembed/1.0/embedcab8.json]
[hgmedia.com.vn/vi/wp-json/oembed/1.0/embedeb81]
[hgmedia.com.vn/vi/wp-json/wp/v2/tuyen_dung/7312]
[hgmedia.com.vn/vi/tuyen-dung/digital-marketing-youtube/index.html]
[hgmedia.com.vn/vi/wp-json/oembed/1.0/embedc90d.json]
[hgmedia.com.vn/vi/wp-json/oembed/1.0/embed71b9]
[hgmedia.com.vn/vi/wp-json/wp/v2/tuyen_dung/5901]
[hgmedia.com.vn/vi/tuyen-dung/ke-toan-thue/index.html]
[hgmedia.com.vn/vi/wp-json/wp/v2/users/1.json]
[hgmedia.com.vn/en/wp-json/wp/v2/users/2.json]
[hgmedia.com.vn/en/wp-json/wp/v2/tuyen_dung/9308.json]
[hgmedia.com.vn/en/indexbcbb.html]
[hgmedia.com.vn/en/wp-json/wp/v2/tuyen_dung/9199.json]
[hgmedia.com.vn/en/index8ee9.html]
[hgmedia.com.vn/en/wp-json/wp/v2/tuyen_dung/9196.json]
[hgmedia.com.vn/en/index1303.html]
[hgmedia.com.vn/en/wp-json/wp/v2/tuyen_dung/9092.json]
[hgmedia.com.vn/en/index1901.html]
[hgmedia.com.vn/en/wp-json/wp/v2/tuyen_dung/8027.json]
[hgmedia.com.vn/en/indexa703.html]
[hgmedia.com.vn/en/wp-json/wp/v2/tuyen_dung/7956.json]
[hgmedia.com.vn/en/index5f18.html]
[hgmedia.com.vn/en/wp-json/wp/v2/tuyen_dung/7674.json]
[hgmedia.com.vn/en/index4724.html]
[hgmedia.com.vn/en/wp-json/wp/v2/tuyen_dung/7462.json]
[hgmedia.com.vn/en/indexdf60.html]
[hgmedia.com.vn/en/wp-json/wp/v2/tuyen_dung/7284.json]
[hgmedia.com.vn/en/index7ff9.html]
[hgmedia.com.vn/en/wp-json/wp/v2/tuyen_dung/5032.json]
[hgmedia.com.vn/en/index3ded.html]
[hgmedia.com.vn/en/wp-json/wp/v2/tuyen_dung/9218.json]
[hgmedia.com.vn/en/index6b9a.html]
[hgmedia.com.vn/en/wp-json/wp/v2/danh_muc_tuyen_dung/24.json]
[hgmedia.com.vn/en/wp-json/wp/v2/danh_muc_tuyen_dung/25.json]
[hgmedia.com.vn/en/wp-json/wp/v2/tuyen_dung/9275.json]
[hgmedia.com.vn/en/index51bc.html]
[hgmedia.com.vn/en/wp-json/wp/v2/tuyen_dung/9227.json]
[hgmedia.com.vn/en/index52a4.html]
[hgmedia.com.vn/en/wp-json/wp/v2/tuyen_dung/8142.json]
[hgmedia.com.vn/en/index8a00.html]
[hgmedia.com.vn/en/wp-json/wp/v2/tuyen_dung/7312.json]
[hgmedia.com.vn/en/indexbf49.html]
[hgmedia.com.vn/en/wp-json/wp/v2/tuyen_dung/5901.json]
[hgmedia.com.vn/en/index99eb.html]
[hgmedia.com.vn/vi/danh-muc-tuyen-dung/phong-phap-che/index.html]
[hgmedia.com.vn/en/wp-json/wp/v2/danh_muc_tuyen_dung/23.15c.delayed]
[hgmedia.com.vn/en/danh-muc-tuyen-dung/phong-phap-che/index.html]
[hgmedia.com.vn/vi/wp-json/wp/v2/users/2.json]
[hgmedia.com.vn/vi/wp-json/wp/v2/tuyen_dung/9308.json]
[hgmedia.com.vn/vi/indexbcbb.html]
[hgmedia.com.vn/vi/wp-json/wp/v2/tuyen_dung/9199.json]
[hgmedia.com.vn/vi/index8ee9.html]
[hgmedia.com.vn/vi/wp-json/wp/v2/tuyen_dung/9196.json]
[hgmedia.com.vn/vi/index1303.html]
[hgmedia.com.vn/vi/wp-json/wp/v2/tuyen_dung/9092.json]
[hgmedia.com.vn/vi/index1901.html]
[hgmedia.com.vn/vi/wp-json/wp/v2/tuyen_dung/8027.json]
[hgmedia.com.vn/vi/indexa703.html]
[hgmedia.com.vn/vi/wp-json/wp/v2/tuyen_dung/7956.json]
[hgmedia.com.vn/vi/index5f18.html]
[hgmedia.com.vn/vi/wp-json/wp/v2/tuyen_dung/7674.json]
[hgmedia.com.vn/vi/index4724.html]
[hgmedia.com.vn/vi/wp-json/wp/v2/tuyen_dung/7462.json]
[hgmedia.com.vn/vi/indexdf60.html]
[hgmedia.com.vn/vi/wp-json/wp/v2/tuyen_dung/7284.json]
[hgmedia.com.vn/vi/index7ff9.html]
[hgmedia.com.vn/vi/wp-json/wp/v2/tuyen_dung/5032.json]
[hgmedia.com.vn/vi/index3ded.html]
[hgmedia.com.vn/vi/wp-json/wp/v2/tuyen_dung/9218.json]
[hgmedia.com.vn/vi/index6b9a.html]
[hgmedia.com.vn/vi/wp-json/wp/v2/danh_muc_tuyen_dung/24.json]
[hgmedia.com.vn/vi/wp-json/wp/v2/danh_muc_tuyen_dung/25.json]
[hgmedia.com.vn/vi/wp-json/wp/v2/tuyen_dung/9275.json]
[hgmedia.com.vn/vi/index51bc.html]
[hgmedia.com.vn/vi/wp-json/wp/v2/tuyen_dung/9227.json]
[hgmedia.com.vn/vi/index52a4.html]
[hgmedia.com.vn/vi/wp-json/wp/v2/tuyen_dung/8142.json]
[hgmedia.com.vn/vi/index8a00.html]
[hgmedia.com.vn/vi/wp-json/wp/v2/tuyen_dung/7312.json]
[hgmedia.com.vn/vi/indexbf49.html]
[hgmedia.com.vn/vi/wp-json/wp/v2/tuyen_dung/5901.json]
[hgmedia.com.vn/vi/index99eb.html]
[hgmedia.com.vn/en/danh-muc-tuyen-dung/phong-phap-che/feed/index.html]
[hgmedia.com.vn/vi/wp-json/wp/v2/danh_muc_tuyen_dung/23]
[hgmedia.com.vn/vi/danh-muc-tuyen-dung/phong-phap-che/index.html]
[hgmedia.com.vn/en/wp-json/wp/v2/danh_muc_tuyen_dung/23.json]
[hgmedia.com.vn/vi/danh-muc-tuyen-dung/phong-phap-che/feed/index.html]
[hgmedia.com.vn/vi/wp-json/wp/v2/danh_muc_tuyen_dung/23.json]
