[backblue.gif]
[fade.gif]
[index.html]
[hgmedia.com.vn/index.html]
[hgmedia.com.vn/en/index.html]
[hgmedia.com.vn/en/wp-json/oembed/1.0/embedaec0.json]
[hgmedia.com.vn/en/feed/index.html]
[hgmedia.com.vn/en/wp-json/oembed/1.0/embeddab7]
[hgmedia.com.vn/wp-content/themes/flatsome/assets/js/chunk.countup.fe2c1016.js]
[hgmedia.com.vn/en/comments/feed/index.html]
[hgmedia.com.vn/wp-content/themes/flatsome/assets/js/chunk.sticky-sidebar.a58a6557.js]
[hgmedia.com.vn/wp-content/themes/flatsome/assets/js/chunk.tooltips.29144c1c.js]
[hgmedia.com.vn/wp-content/themes/flatsome/assets/js/chunk.vendors-popups.947eca5c.js]
[hgmedia.com.vn/wp-content/themes/flatsome/assets/js/chunk.vendors-slider.f0d2cbc9.js]
[hgmedia.com.vn/wp-content/plugins/contact-form-7/includes/css/styles41a3.css]
[hgmedia.com.vn/wp-content/plugins/translatepress-multilingual/assets/css/trp-language-switcher337d.css]
[hgmedia.com.vn/wp-content/themes/flatsome/assets/css/flatsome2855.css]
[hgmedia.com.vn/wp-content/themes/flatsome/assets/css/icons/fl-icons8cc2.eot]
[hgmedia.com.vn/wp-content/themes/flatsome/assets/css/icons/fl-icons.eot]
[hgmedia.com.vn/wp-content/themes/flatsome/assets/css/icons/fl-icons8cc2.woff2]
[hgmedia.com.vn/wp-content/themes/flatsome/assets/css/icons/fl-icons8cc2.ttf]
[hgmedia.com.vn/wp-content/themes/flatsome/assets/css/icons/fl-icons8cc2.woff]
[hgmedia.com.vn/wp-content/themes/flatsome/assets/css/icons/fl-icons8cc2.svg]
[hgmedia.com.vn/wp-includes/css/dashicons.minb34e.css]
[hgmedia.com.vn/wp-includes/js/jquery/jquery.minf43b.js]
[hgmedia.com.vn/en/wp-json/wp/v2/pages/9]
[hgmedia.com.vn/wp-content/uploads/2022/05/hg-favicon-1.png]
[hgmedia.com.vn/en/wp-json/index.html]
[hgmedia.com.vn/wp-content/uploads/2022/05/Logo-HG.svg]
[hgmedia.com.vn/wp-content/plugins/translatepress-multilingual/assets/images/flags/vi.png]
[hgmedia.com.vn/wp-content/uploads/2022/05/creativity-title.svg]
[hgmedia.com.vn/vi/index.html]
[hgmedia.com.vn/wp-content/uploads/2022/05/creativity-banner.svg]
[hgmedia.com.vn/wp-content/uploads/2022/05/about-title.svg]
[hgmedia.com.vn/wp-content/uploads/2022/05/About-banner.svg]
[hgmedia.com.vn/wp-content/uploads/2022/05/service-title.svg]
[hgmedia.com.vn/wp-content/uploads/2022/05/01.svg]
[hgmedia.com.vn/en/ve-chung-toi/index.html]
[hgmedia.com.vn/wp-content/uploads/2022/05/tiktok.png]
[hgmedia.com.vn/wp-content/uploads/2022/05/02-1.svg]
[hgmedia.com.vn/wp-content/uploads/2022/05/service-banner-1.svg]
[hgmedia.com.vn/wp-content/uploads/2022/05/project-title.svg]
[hgmedia.com.vn/wp-content/uploads/2022/05/youtube-music.jpg]
[hgmedia.com.vn/en/du-an/index.html]
[hgmedia.com.vn/wp-content/uploads/2022/05/youtube-giai-tri.jpg]
[hgmedia.com.vn/wp-content/uploads/2022/05/deep-4.jpg]
[hgmedia.com.vn/wp-content/uploads/2022/05/deep-universe-new.jpg]
[hgmedia.com.vn/en/chuyen-muc/blog/index.html]
[hgmedia.com.vn/wp-content/uploads/2022/05/partner-title.svg]
[hgmedia.com.vn/wp-content/uploads/2022/05/Routenote.png]
[hgmedia.com.vn/wp-content/uploads/2022/05/Magic-1.png]
[hgmedia.com.vn/en/danh-muc-tuyen-dung/tat-ca-cac-phong/index.html]
[hgmedia.com.vn/wp-content/uploads/2022/05/Deepdisco.png]
[hgmedia.com.vn/wp-content/uploads/2022/05/Warner_Music_Group.png]
[hgmedia.com.vn/wp-content/uploads/2022/07/Tubrr-logo-final-01-1.png]
[hgmedia.com.vn/wp-content/uploads/2022/07/LOGO-01.png]
[hgmedia.com.vn/wp-content/uploads/2022/05/MCV-NETWORK-3D-copy-1.png]
[hgmedia.com.vn/en/he-thong-youtube-channel-ve-am-nhac/index.html]
[hgmedia.com.vn/wp-content/uploads/2022/05/Vieon-1.png]
[hgmedia.com.vn/wp-content/uploads/2022/05/Logo-HG-light.svg]
[hgmedia.com.vn/wp-content/uploads/2022/05/Facebook-icon-social.svg]
[hgmedia.com.vn/wp-content/uploads/2022/05/instagram-icon-social.svg]
[hgmedia.com.vn/wp-content/uploads/2022/05/youtube-icon-social.svg]
[hgmedia.com.vn/en/he-thong-youtube-channel-ve-giai-tri/index.html]
[hgmedia.com.vn/wp-content/plugins/translatepress-multilingual/assets/js/trp-translate-dom-changes337d.js]
[hgmedia.com.vn/wp-content/plugins/contact-form-7/includes/swv/js/index41a3.js]
[hgmedia.com.vn/wp-content/plugins/contact-form-7/includes/js/index41a3.js]
[hgmedia.com.vn/en/helios-records/index.html]
[hgmedia.com.vn/wp-content/themes/flatsome/inc/extensions/flatsome-instant-page/flatsome-instant-page1576.js]
[hgmedia.com.vn/wp-content/themes/flatsome/inc/extensions/flatsome-live-search/flatsome-live-search2855.js]
[hgmedia.com.vn/wp-includes/js/dist/vendor/wp-polyfill.min2c7c.js]
[hgmedia.com.vn/wp-includes/js/hoverIntent.min3e5a.js]
[hgmedia.com.vn/en/deep-universe/index.html]
[hgmedia.com.vn/wp-content/themes/flatsome/assets/js/flatsome334f.js]
[hgmedia.com.vn/wp-content/themes/flatsome-child/assets/js/custom5152.js]
[hgmedia.com.vn/en/index.html]
[hgmedia.com.vn/wp-content/plugins/contact-form-7/includes/css/styles41a3.css]
[hgmedia.com.vn/wp-content/plugins/translatepress-multilingual/assets/css/trp-language-switcher337d.css]
[hgmedia.com.vn/wp-content/themes/flatsome/assets/css/flatsome2855.css]
[hgmedia.com.vn/wp-content/themes/flatsome/assets/css/icons/fl-icons8cc2.svg]
[hgmedia.com.vn/wp-content/themes/flatsome-child/style6aec.css]
[hgmedia.com.vn/wp-includes/css/dashicons.minb34e.css]
[hgmedia.com.vn/en/wp-json/wp/v2/pages/9.json]
[hgmedia.com.vn/vi/index.html]
[hgmedia.com.vn/wp-content/uploads/2022/05/Logo-HG.svg]
[hgmedia.com.vn/en/ve-chung-toi/index.html]
[hgmedia.com.vn/en/du-an/index.html]
[hgmedia.com.vn/en/chuyen-muc/blog/index.html]
[hgmedia.com.vn/en/danh-muc-tuyen-dung/tat-ca-cac-phong/index.html]
[hgmedia.com.vn/wp-content/uploads/2022/05/creativity-title.svg]
[hgmedia.com.vn/wp-content/uploads/2022/05/creativity-banner.svg]
[hgmedia.com.vn/wp-content/uploads/2022/05/about-title.svg]
[hgmedia.com.vn/wp-content/uploads/2022/05/About-banner.svg]
[hgmedia.com.vn/wp-content/uploads/2022/05/service-title.svg]
[hgmedia.com.vn/wp-content/uploads/2022/05/01.svg]
[hgmedia.com.vn/wp-content/uploads/2022/05/02-1.svg]
[hgmedia.com.vn/wp-content/uploads/2022/05/service-banner-1.svg]
[hgmedia.com.vn/wp-content/uploads/2022/05/project-title.svg]
[hgmedia.com.vn/en/he-thong-youtube-channel-ve-am-nhac/index.html]
[hgmedia.com.vn/en/he-thong-youtube-channel-ve-giai-tri/index.html]
[hgmedia.com.vn/en/helios-records/index.html]
[hgmedia.com.vn/en/deep-universe/index.html]
[hgmedia.com.vn/wp-content/uploads/2022/05/partner-title.svg]
[hgmedia.com.vn/wp-content/uploads/2022/05/Logo-HG-light.svg]
[hgmedia.com.vn/wp-content/uploads/2022/05/Facebook-icon-social.svg]
[hgmedia.com.vn/wp-content/uploads/2022/05/instagram-icon-social.svg]
[hgmedia.com.vn/wp-content/uploads/2022/05/youtube-icon-social.svg]
